   Compiling proc-macro2 v1.0.106
   Compiling quote v1.0.46
   Compiling unicode-ident v1.0.24
   Compiling libc v0.2.186
   Compiling find-msvc-tools v0.1.9
   Compiling shlex v2.0.1
   Compiling serde v1.0.228
    Checking cfg-if v1.0.4
   Compiling serde_core v1.0.228
   Compiling parking_lot_core v0.9.12
    Checking pin-project-lite v0.2.17
    Checking memchr v2.8.3
    Checking futures-core v0.3.32
   Compiling pkg-config v0.3.33
   Compiling zmij v1.0.21
    Checking once_cell v1.21.4
   Compiling version_check v0.9.5
    Checking scopeguard v1.2.0
    Checking bytes v1.12.0
   Compiling icu_properties_data v2.2.0
   Compiling icu_normalizer_data v2.2.0
    Checking itoa v1.0.18
   Compiling generic-array v0.14.7
    Checking lock_api v0.4.14
   Compiling crossbeam-utils v0.8.22
    Checking log v0.4.33
    Checking futures-sink v0.3.32
    Checking stable_deref_trait v1.2.1
   Compiling typenum v1.20.1
    Checking tracing-core v0.1.36
    Checking slab v0.4.12
    Checking futures-channel v0.3.32
   Compiling dunce v1.0.5
   Compiling autocfg v1.5.1
   Compiling jobserver v0.1.35
   Compiling fs_extra v1.3.0
    Checking futures-task v0.3.32
   Compiling equivalent v1.0.2
   Compiling getrandom v0.4.3
    Checking futures-io v0.3.32
    Checking subtle v2.6.1
   Compiling cc v1.2.66
   Compiling num-traits v0.2.19
    Checking zeroize v1.9.0
    Checking bitflags v2.13.0
   Compiling syn v2.0.118
   Compiling litemap v0.8.2
    Checking writeable v0.6.3
    Checking errno v0.3.14
    Checking mio v1.2.1
    Checking socket2 v0.6.4
    Checking signal-hook-registry v1.4.8
    Checking getrandom v0.2.17
   Compiling serde_json v1.0.150
   Compiling hashbrown v0.17.1
   Compiling aws-lc-rs v1.17.1
    Checking http v1.4.2
   Compiling num-conv v0.2.2
   Compiling time-core v0.1.9
    Checking utf8_iter v1.0.4
    Checking percent-encoding v2.3.2
   Compiling tree-sitter-language v0.1.8
   Compiling time-macros v0.2.31
   Compiling hybrid-array v0.4.13
    Checking rustls-pki-types v1.15.0
    Checking untrusted v0.9.0
   Compiling vcpkg v0.2.15
   Compiling cmake v0.1.58
   Compiling indexmap v2.14.0
    Checking http-body v1.0.1
    Checking rand_core v0.10.1
   Compiling rustls v0.23.41
   Compiling cmov v0.5.4
   Compiling ring v0.17.14
   Compiling aws-lc-sys v0.42.0
   Compiling block-buffer v0.12.1
   Compiling crypto-common v0.2.2
   Compiling ctutils v0.4.2
    Checking form_urlencoded v1.2.2
    Checking base64 v0.22.1
    Checking block-buffer v0.10.4
    Checking crypto-common v0.1.7
   Compiling foldhash v0.2.0
   Compiling allocator-api2 v0.2.21
   Compiling thiserror v2.0.18
    Checking tower-service v0.3.3
   Compiling digest v0.11.3
   Compiling hashbrown v0.16.1
   Compiling futures-util v0.3.32
   Compiling concurrent-queue v2.5.0
   Compiling digest v0.10.7
   Compiling tokio v1.52.3
   Compiling cpufeatures v0.2.17
    Checking aho-corasick v1.1.4
    Checking regex-syntax v0.8.11
   Compiling tinyvec_macros v0.1.1
   Compiling deranged v0.5.8
   Compiling httparse v1.10.1
   Compiling crc-catalog v2.5.0
   Compiling parking v2.2.1
   Compiling powerfmt v0.2.0
   Compiling crc v3.4.0
   Compiling event-listener v5.4.1
   Compiling tinyvec v1.11.0
   Compiling hashlink v0.11.1
   Compiling synstructure v0.13.2
   Compiling sha2 v0.10.9
   Compiling crossbeam-queue v0.3.13
   Compiling webpki-roots v1.0.8
   Compiling libsqlite3-sys v0.37.0
    Checking try-lock v0.2.5
   Compiling rustix v1.1.4
   Compiling time v0.3.53
    Checking ipnet v2.12.1
    Checking sha1_smol v1.0.1
   Compiling io-lifetimes v2.0.4
    Checking regex-automata v0.4.14
   Compiling uuid v1.23.4
    Checking atomic-waker v1.1.2
    Checking fnv v1.0.7
   Compiling atoi v2.0.0
    Checking want v0.3.1
   Compiling unicode-normalization v0.1.25
   Compiling chacha20 v0.10.1
   Compiling hmac v0.13.0
    Checking http-body-util v0.1.3
   Compiling spin v0.9.8
   Compiling cpufeatures v0.3.0
    Checking sync_wrapper v1.0.2
   Compiling rustls-webpki v0.103.13
   Compiling strsim v0.11.1
    Checking httpdate v1.0.3
    Checking tower-layer v0.3.3
   Compiling unicode-properties v0.1.4
    Checking core-foundation-sys v0.8.7
   Compiling unicode-bidi v0.3.18
   Compiling ident_case v1.0.1
   Compiling heck v0.5.0
   Compiling darling_core v0.23.0
   Compiling serde_derive v1.0.228
   Compiling zerofrom-derive v0.1.7
   Compiling yoke-derive v0.8.2
   Compiling zerovec-derive v0.11.3
   Compiling displaydoc v0.2.6
   Compiling tracing-attributes v0.1.31
   Compiling tokio-macros v2.7.0
   Compiling futures-macro v0.3.32
   Compiling thiserror-impl v2.0.18
   Compiling tokio-stream v0.1.18
    Checking zerofrom v0.1.8
    Checking yoke v0.8.3
   Compiling zerovec v0.11.6
    Checking zerotrie v0.2.4
    Checking tracing v0.1.44
    Checking tinystr v0.8.3
    Checking potential_utf v0.1.5
    Checking icu_collections v2.2.0
    Checking icu_locale_core v2.2.0
   Compiling stringprep v0.1.5
   Compiling flume v0.12.0
   Compiling sha2 v0.11.0
   Compiling rand v0.10.2
   Compiling hkdf v0.13.0
    Checking icu_provider v2.2.0
   Compiling futures-executor v0.3.32
    Checking icu_properties v2.2.0
   Compiling md-5 v0.11.0
    Checking smallvec v1.15.2
    Checking either v1.16.0
   Compiling byteorder v1.5.0
    Checking icu_normalizer v2.2.0
   Compiling whoami v2.1.2
   Compiling thiserror v1.0.69
    Checking parking_lot v0.12.5
    Checking futures-intrusive v0.5.0
   Compiling cfg_aliases v0.1.1
   Compiling hex v0.4.3
   Compiling crossbeam-epoch v0.9.21
    Checking utf8parse v0.2.2
   Compiling io-extras v0.18.4
    Checking idna_adapter v1.2.2
    Checking idna v1.1.0
   Compiling dotenvy v0.15.7
   Compiling ref-cast v1.0.25
    Checking anstyle-parse v1.0.0
   Compiling nix v0.28.0
    Checking url v2.5.8
   Compiling darling_macro v0.23.0
   Compiling thiserror-impl v1.0.69
   Compiling ref-cast-impl v1.0.25
    Checking security-framework-sys v2.17.0
    Checking core-foundation v0.10.1
   Compiling serde_derive_internals v0.29.1
   Compiling anyhow v1.0.103
    Checking anstyle v1.0.14
   Compiling crossbeam-deque v0.8.8
    Checking colorchoice v1.0.5
   Compiling cap-primitives v3.4.6
   Compiling cfg_aliases v0.2.1
    Checking is_terminal_polyfill v1.70.2
    Checking anstyle-query v1.1.5
    Checking anstream v1.0.0
   Compiling nix v0.30.1
    Checking security-framework v3.7.0
   Compiling sqlx-core v0.9.0
   Compiling darling v0.23.0
    Checking fs-set-times v0.20.3
   Compiling schemars_derive v1.2.1
    Checking chrono v0.4.45
   Compiling tree-sitter v0.25.10
   Compiling tree-sitter-python v0.25.0
   Compiling tree-sitter-rust v0.24.2
   Compiling tree-sitter-typescript v0.23.2
   Compiling tree-sitter-javascript v0.25.0
    Checking rand_core v0.6.4
    Checking bstr v1.13.1
    Checking nu-ansi-term v0.50.3
    Checking ambient-authority v0.0.2
    Checking maybe-owned v0.3.4
   Compiling cap-std v3.4.6
    Checking base64ct v1.8.3
    Checking ryu v1.0.23
    Checking lazy_static v1.5.0
    Checking dyn-clone v1.0.20
    Checking mime v0.3.17
    Checking same-file v1.0.6
   Compiling rmcp v2.1.0
    Checking clap_lex v1.1.0
    Checking axum-core v0.5.6
    Checking password-hash v0.5.0
    Checking clap_builder v4.6.0
    Checking walkdir v2.5.0
    Checking sharded-slab v0.1.7
    Checking serde_urlencoded v0.7.1
    Checking globset v0.4.19
    Checking schemars v1.2.1
    Checking tokio-util v0.7.18
    Checking tower v0.5.3
    Checking filedescriptor v0.8.3
   Compiling rmcp-macros v2.1.0
    Checking futures v0.3.32
    Checking sse-stream v0.2.6
    Checking tracing-serde v0.2.0
    Checking h2 v0.4.19
    Checking matchers v0.2.0
    Checking regex v1.12.4
   Compiling clap_derive v4.6.1
   Compiling async-trait v0.1.89
    Checking tower-http v0.6.11
   Compiling sqlx-postgres v0.9.0
   Compiling sqlx-sqlite v0.9.0
    Checking blake2 v0.10.6
    Checking serde_path_to_error v0.1.20
    Checking serial2 v0.2.38
    Checking tracing-log v0.2.0
    Checking thread_local v1.1.9
    Checking downcast-rs v1.2.1
    Checking shell-words v1.1.1
   Compiling pastey v0.2.3
    Checking matchit v0.8.4
    Checking fastrand v2.4.1
    Checking streaming-iterator v0.1.9
    Checking portable-pty v0.9.0
    Checking tempfile v3.27.0
    Checking tracing-subscriber v0.3.23
    Checking argon2 v0.5.3
    Checking ignore v0.4.32
    Checking diffy v0.4.2
    Checking fs2 v0.4.3
    Checking similar v2.7.0
    Checking clap v4.6.1
    Checking hyper v1.10.1
    Checking hyper-util v0.1.20
   Compiling sqlx-macros-core v0.9.0
    Checking axum v0.8.9
   Compiling sqlx-macros v0.9.0
    Checking tokio-rustls v0.26.4
    Checking rustls-platform-verifier v0.7.0
    Checking hyper-rustls v0.27.9
    Checking reqwest v0.13.4
    Checking sqlx v0.9.0
    Checking remote-hosts-code v0.3.5 (/Users/jinliang/Workspace/remote_hosts/target/release-slot/checkout/crates/remote-hosts-code)
    Finished `dev` profile [unoptimized + debuginfo] target(s) in 4m 57s
