   Compiling cfg-if v1.0.4
   Compiling memchr v2.8.3
   Compiling libc v0.2.186
   Compiling serde_core v1.0.228
   Compiling serde v1.0.228
   Compiling once_cell v1.21.4
   Compiling pin-project-lite v0.2.17
   Compiling futures-core v0.3.32
   Compiling scopeguard v1.2.0
   Compiling bytes v1.12.0
   Compiling itoa v1.0.18
   Compiling log v0.4.33
   Compiling parking_lot_core v0.9.12
   Compiling lock_api v0.4.14
   Compiling futures-sink v0.3.32
   Compiling zerofrom v0.1.8
   Compiling typenum v1.20.1
   Compiling stable_deref_trait v1.2.1
   Compiling tracing-core v0.1.36
   Compiling slab v0.4.12
   Compiling futures-channel v0.3.32
   Compiling zeroize v1.9.0
   Compiling yoke v0.8.3
   Compiling futures-io v0.3.32
   Compiling futures-task v0.3.32
   Compiling aws-lc-sys v0.42.0
   Compiling subtle v2.6.1
   Compiling zerovec v0.11.6
   Compiling bitflags v2.13.0
   Compiling litemap v0.8.2
   Compiling writeable v0.6.3
   Compiling equivalent v1.0.2
   Compiling futures-util v0.3.32
   Compiling zerotrie v0.2.4
   Compiling tracing v0.1.44
   Compiling http v1.4.2
   Compiling rustls-pki-types v1.15.0
   Compiling tinystr v0.8.3
   Compiling potential_utf v0.1.5
   Compiling ring v0.17.14
   Compiling percent-encoding v2.3.2
   Compiling utf8_iter v1.0.4
   Compiling icu_locale_core v2.2.0
   Compiling icu_collections v2.2.0
   Compiling tree-sitter-language v0.1.8
   Compiling crossbeam-utils v0.8.22
   Compiling generic-array v0.14.7
   Compiling icu_properties_data v2.2.0
   Compiling icu_normalizer_data v2.2.0
   Compiling zmij v1.0.21
   Compiling hashbrown v0.17.1
   Compiling untrusted v0.9.0
   Compiling serde_json v1.0.150
   Compiling errno v0.3.14
   Compiling socket2 v0.6.4
   Compiling signal-hook-registry v1.4.8
   Compiling mio v1.2.1
   Compiling getrandom v0.2.17
   Compiling http-body v1.0.1
   Compiling icu_provider v2.2.0
   Compiling indexmap v2.14.0
   Compiling rand_core v0.10.1
   Compiling icu_properties v2.2.0
   Compiling form_urlencoded v1.2.2
   Compiling hybrid-array v0.4.13
   Compiling getrandom v0.4.3
   Compiling base64 v0.22.1
   Compiling crypto-common v0.1.7
   Compiling block-buffer v0.10.4
   Compiling num-traits v0.2.19
   Compiling cmov v0.5.4
   Compiling tower-service v0.3.3
   Compiling digest v0.10.7
   Compiling smallvec v1.15.2
   Compiling ctutils v0.4.2
   Compiling crypto-common v0.2.2
   Compiling block-buffer v0.12.1
   Compiling aho-corasick v1.1.4
   Compiling regex-syntax v0.8.11
   Compiling icu_normalizer v2.2.0
   Compiling httparse v1.10.1
   Compiling parking_lot v0.12.5
   Compiling thiserror v2.0.18
   Compiling tokio v1.52.3
   Compiling idna_adapter v1.2.2
   Compiling idna v1.1.0
   Compiling url v2.5.8
   Compiling digest v0.11.3
   Compiling rustix v1.1.4
   Compiling try-lock v0.2.5
   Compiling cpufeatures v0.2.17
   Compiling allocator-api2 v0.2.21
   Compiling atomic-waker v1.1.2
   Compiling foldhash v0.2.0
   Compiling sha1_smol v1.0.1
   Compiling cpufeatures v0.3.0
   Compiling ipnet v2.12.1
   Compiling linux-raw-sys v0.12.1
   Compiling fnv v1.0.7
   Compiling io-lifetimes v2.0.4
   Compiling hashbrown v0.16.1
   Compiling uuid v1.23.4
   Compiling regex-automata v0.4.14
   Compiling want v0.3.1
   Compiling concurrent-queue v2.5.0
   Compiling http-body-util v0.1.3
   Compiling sync_wrapper v1.0.2
   Compiling tower-layer v0.3.3
   Compiling num-conv v0.2.2
   Compiling tinyvec_macros v0.1.1
   Compiling time-core v0.1.9
   Compiling httpdate v1.0.3
   Compiling powerfmt v0.2.0
   Compiling crc-catalog v2.5.0
   Compiling parking v2.2.1
   Compiling deranged v0.5.8
   Compiling event-listener v5.4.1
   Compiling crc v3.4.0
   Compiling tinyvec v1.11.0
   Compiling hashlink v0.11.1
   Compiling chacha20 v0.10.1
   Compiling sha2 v0.10.9
   Compiling futures-intrusive v0.5.0
   Compiling futures-executor v0.3.32
   Compiling either v1.16.0
   Compiling crossbeam-queue v0.3.13
   Compiling webpki-roots v1.0.8
   Compiling utf8parse v0.2.2
   Compiling time v0.3.53
   Compiling thiserror v1.0.69
   Compiling io-extras v0.18.4
   Compiling crossbeam-epoch v0.9.21
   Compiling ref-cast v1.0.25
   Compiling anstyle-parse v1.0.0
   Compiling libsqlite3-sys v0.37.0
   Compiling rand v0.10.2
   Compiling unicode-normalization v0.1.25
   Compiling hmac v0.13.0
   Compiling tokio-util v0.7.18
   Compiling tokio-stream v0.1.18
   Compiling tower v0.5.3
   Compiling atoi v2.0.0
   Compiling spin v0.9.8
   Compiling openssl-probe v0.2.1
   Compiling anstyle-query v1.1.5
   Compiling unicode-bidi v0.3.18
   Compiling is_terminal_polyfill v1.70.2
   Compiling h2 v0.4.19
   Compiling unicode-properties v0.1.4
   Compiling colorchoice v1.0.5
   Compiling anstyle v1.0.14
   Compiling anstream v1.0.0
   Compiling crossbeam-deque v0.8.8
   Compiling cap-primitives v3.4.6
   Compiling stringprep v0.1.5
   Compiling anyhow v1.0.103
   Compiling rustls-native-certs v0.8.4
   Compiling flume v0.12.0
   Compiling hkdf v0.13.0
   Compiling fs-set-times v0.20.3
   Compiling rustix-linux-procfs v0.1.1
   Compiling nix v0.28.0
   Compiling sha2 v0.11.0
   Compiling md-5 v0.11.0
   Compiling chrono v0.4.45
   Compiling rand_core v0.6.4
   Compiling bstr v1.13.1
   Compiling ambient-authority v0.0.2
   Compiling nu-ansi-term v0.50.3
   Compiling clap_lex v1.1.0
   Compiling whoami v2.1.2
   Compiling ryu v1.0.23
   Compiling byteorder v1.5.0
   Compiling mime v0.3.17
   Compiling maybe-owned v0.3.4
   Compiling dotenvy v0.15.7
   Compiling lazy_static v1.5.0
   Compiling base64ct v1.8.3
   Compiling dyn-clone v1.0.20
   Compiling same-file v1.0.6
   Compiling strsim v0.11.1
   Compiling hex v0.4.3
   Compiling password-hash v0.5.0
   Compiling walkdir v2.5.0
   Compiling clap_builder v4.6.0
   Compiling schemars v1.2.1
   Compiling sharded-slab v0.1.7
   Compiling axum-core v0.5.6
   Compiling rmcp v2.1.0
   Compiling serde_urlencoded v0.7.1
   Compiling globset v0.4.19
   Compiling cap-std v3.4.6
   Compiling tree-sitter-javascript v0.25.0
   Compiling hyper v1.10.1
   Compiling tree-sitter-typescript v0.23.2
   Compiling tree-sitter-python v0.25.0
   Compiling tree-sitter-rust v0.24.2
   Compiling hyper-util v0.1.20
   Compiling tree-sitter v0.25.10
   Compiling filedescriptor v0.8.3
   Compiling nix v0.30.1
   Compiling tower-http v0.6.11
   Compiling matchers v0.2.0
   Compiling regex v1.12.4
   Compiling futures v0.3.32
   Compiling sse-stream v0.2.6
   Compiling blake2 v0.10.6
   Compiling tracing-serde v0.2.0
   Compiling serde_path_to_error v0.1.20
   Compiling serial2 v0.2.38
   Compiling tracing-log v0.2.0
   Compiling thread_local v1.1.9
   Compiling shell-words v1.1.1
   Compiling fastrand v2.4.1
   Compiling matchit v0.8.4
   Compiling streaming-iterator v0.1.9
   Compiling downcast-rs v1.2.1
   Compiling tracing-subscriber v0.3.23
   Compiling portable-pty v0.9.0
   Compiling tempfile v3.27.0
   Compiling argon2 v0.5.3
   Compiling axum v0.8.9
   Compiling clap v4.6.1
   Compiling ignore v0.4.32
   Compiling diffy v0.4.2
   Compiling fs2 v0.4.3
   Compiling similar v2.7.0
   Compiling aws-lc-rs v1.17.1
   Compiling rustls v0.23.41
   Compiling rustls-webpki v0.103.13
   Compiling sqlx-core v0.9.0
   Compiling tokio-rustls v0.26.4
   Compiling rustls-platform-verifier v0.7.0
   Compiling hyper-rustls v0.27.9
   Compiling reqwest v0.13.4
   Compiling sqlx-postgres v0.9.0
   Compiling sqlx-sqlite v0.9.0
   Compiling sqlx v0.9.0
   Compiling remote-hosts-code v0.3.5 (/Users/jinliang/Workspace/remote_hosts/target/release-slot/checkout/crates/remote-hosts-code)
    Finished `release` profile [optimized] target(s) in 9m 10s
